PHPUnit 9.6.34 by Sebastian Bergmann and contributors.

.                                                                   1 / 1 (100%)

Time: 00:00.003, Memory: 4.00 MB

OK (1 test, 1 assertion)
